[2026-07-24 01:14:53] INITIALIZING STAG PB7 CORE...
[2026-07-24 01:14:54] LOADING ARCHIVE DATABASE...
[2026-07-24 01:14:55] CHECKING CERTIFICATE ENGINE...
[2026-07-24 01:14:56] VERIFYING SEARCH MODULE...
[2026-07-24 01:14:57] CONNECTING VISUAL NODE...
[2026-07-24 01:14:58] LEVEL 7 ACCESS READY
[2026-07-24 01:19:49] INITIALIZING STAG PB7 CORE...
[2026-07-24 01:19:50] LOADING ARCHIVE DATABASE...
[2026-07-24 01:19:51] CHECKING CERTIFICATE ENGINE...
[2026-07-24 01:19:52] VERIFYING SEARCH MODULE...
[2026-07-24 01:19:53] CONNECTING VISUAL NODE...
[2026-07-24 01:19:54] LEVEL 7 ACCESS READY
[2026-07-24 01:25:36] INITIALIZING STAG PB7 CORE...
[2026-07-24 01:25:37] LOADING ARCHIVE DATABASE...
[2026-07-24 01:25:38] CHECKING CERTIFICATE ENGINE...
[2026-07-24 01:25:39] VERIFYING SEARCH MODULE...
[2026-07-24 01:25:40] CONNECTING VISUAL NODE...
[2026-07-24 01:25:41] LEVEL 7 ACCESS READY
[2026-07-24 01:29:48] INITIALIZING STAG PB7 CORE...
[2026-07-24 01:29:49] LOADING ARCHIVE DATABASE...
[2026-07-24 01:29:50] CHECKING CERTIFICATE ENGINE...
[2026-07-24 01:29:51] VERIFYING SEARCH MODULE...
[2026-07-24 01:29:52] CONNECTING VISUAL NODE...
[2026-07-24 01:29:53] LEVEL 7 ACCESS READY
[2026-07-24 01:35:17] INITIALIZING STAG PB7 CORE...
[2026-07-24 01:35:18] LOADING ARCHIVE DATABASE...
[2026-07-24 01:35:19] CHECKING CERTIFICATE ENGINE...
[2026-07-24 01:35:20] VERIFYING SEARCH MODULE...
[2026-07-24 01:35:21] CONNECTING VISUAL NODE...
[2026-07-24 01:35:22] LEVEL 7 ACCESS READY
[2026-07-24 09:14:10] INITIALIZING STAG PB7 CORE...
[2026-07-24 09:14:11] LOADING ARCHIVE DATABASE...
[2026-07-24 09:14:12] CHECKING CERTIFICATE ENGINE...
[2026-07-24 09:14:13] VERIFYING SEARCH MODULE...
[2026-07-24 09:14:14] CONNECTING VISUAL NODE...
[2026-07-24 09:14:15] LEVEL 7 ACCESS READY
[2026-07-24 09:17:07] INITIALIZING STAG PB7 CORE...
[2026-07-24 09:17:08] LOADING ARCHIVE DATABASE...
[2026-07-24 09:17:09] CHECKING CERTIFICATE ENGINE...
[2026-07-24 09:17:10] VERIFYING SEARCH MODULE...
[2026-07-24 09:17:11] CONNECTING VISUAL NODE...
[2026-07-24 09:17:12] LEVEL 7 ACCESS READY
[2026-07-24 09:17:50] INITIALIZING STAG PB7 CORE...
[2026-07-24 09:17:51] LOADING ARCHIVE DATABASE...
[2026-07-24 09:17:52] CHECKING CERTIFICATE ENGINE...
[2026-07-24 09:17:53] VERIFYING SEARCH MODULE...
[2026-07-24 09:17:54] CONNECTING VISUAL NODE...
[2026-07-24 09:17:55] LEVEL 7 ACCESS READY
[2026-07-24 09:21:35] INITIALIZING STAG PB7 CORE...
[2026-07-24 09:21:36] LOADING ARCHIVE DATABASE...
[2026-07-24 09:21:37] CHECKING CERTIFICATE ENGINE...
[2026-07-24 09:21:38] VERIFYING SEARCH MODULE...
[2026-07-24 09:21:39] CONNECTING VISUAL NODE...
[2026-07-24 09:21:40] LEVEL 7 ACCESS READY
